[2J[01;01H[=3h[2J[01;01H[2J[01;01H[=3h[2J[01;01H[2J[01;01H[=3h[2J[01;01HBdsDxe: loading Boot0001 "UEFI QEMU DVD-ROM QM00005 " from PciRoot(0x0)/Pci(0x1F,0x2)/Sata(0x2,0xFFFF,0x0)
BdsDxe: starting Boot0001 "UEFI QEMU DVD-ROM QM00005 " from PciRoot(0x0)/Pci(0x1F,0x2)/Sata(0x2,0xFFFF,0x0)
WARNING: no console will be available to OS
TRACE: Found a local APIC entry in MADT: LocalApicEntry { header: EntryHeader { entry_type: 0, length: 8 }, processor_id: 0, apic_id: 0, flags: 1 }
TRACE: Found a local APIC entry in MADT: LocalApicEntry { header: EntryHeader { entry_type: 0, length: 8 }, processor_id: 1, apic_id: 1, flags: 1 }
TRACE: Found a local APIC entry in MADT: LocalApicEntry { header: EntryHeader { entry_type: 0, length: 8 }, processor_id: 2, apic_id: 2, flags: 1 }
TRACE: Found a local APIC entry in MADT: LocalApicEntry { header: EntryHeader { entry_type: 0, length: 8 }, processor_id: 3, apic_id: 3, flags: 1 }
INFO: Initializing frame metadata for physical memory up to 7fedc000
INFO: Adding free frames to the allocator: 0..8000
INFO: Adding free frames to the allocator: 9000..6c000
INFO: Adding free frames to the allocator: 6d000..a0000
INFO: Adding free frames to the allocator: 100000..800000
INFO: Adding free frames to the allocator: 808000..80b000
INFO: Adding free frames to the allocator: 80c000..811000
INFO: Adding free frames to the allocator: 900000..8000000
INFO: Adding free frames to the allocator: 11be2000..7ed3f000
INFO: Adding free frames to the allocator: 7ee00000..7f8ed000
INFO: Adding free frames to the allocator: 7fbff000..7fe92000
INFO: Adding free frames to the allocator: 7fe98000..7fedc000
INFO: Initializing the kernel page table
INFO: Creating new I/O memory allocator builder, ranges: [
    0x80000000..0x100000000,
    0x100000000..0x800000000000,
]
INFO: x2APIC found!
INFO: [PIC]: Initializing as disabled
INFO: [IOAPIC]: Found at 0xfec00000, ID 0, version 17, interrupt base 0, interrupt count 23
INFO: [IOAPIC]: Override ISA interrupt 0 for GSI 2
INFO: [IOAPIC]: Override ISA interrupt 5 for GSI 5
INFO: [IOAPIC]: Override ISA interrupt 9 for GSI 9
INFO: [IOAPIC]: Override ISA interrupt 10 for GSI 10
INFO: [IOAPIC]: Override ISA interrupt 11 for GSI 11
INFO: x2APIC ID:0, Version:14, Max LVT:5
INFO: TSC frequency: 2095478220 Hz
INFO: [Timer]: Enable APIC TSC deadline mode
INFO: Booting 3 processors
INFO: Booting all application processors...
INFO: Detected ISA extensions: X2APIC | TSC_DEADLINE | XSAVE | AVX | RDRAND | XAPIC | FSGSBASE
INFO: Detected ISA extensions: X2APIC | TSC_DEADLINE | XSAVE | AVX | RDRAND | XAPIC | FSGSBASE
INFO: x2APIC ID:3, Version:14, Max LVT:5
INFO: Detected ISA extensions: X2APIC | TSC_DEADLINE | XSAVE | AVX | RDRAND | XAPIC | FSGSBASE
INFO: Processor 3 started. Spinning for tasks.
INFO: x2APIC ID:1, Version:14, Max LVT:5
INFO: x2APIC ID:2, Version:14, Max LVT:5
INFO: Processor 2 started. Spinning for tasks.
INFO: Processor 1 started. Spinning for tasks.
INFO: All application processors started. The BSP continues to run.
WARN: IOMMU initialization error:NoIommu
DEBUG: Removing sensitive I/O port range: RawIoPortRange {
    begin: 0x40,
    end: 0x41,
}
DEBUG: Removing sensitive I/O port range: RawIoPortRange {
    begin: 0x41,
    end: 0x42,
}
DEBUG: Removing sensitive I/O port range: RawIoPortRange {
    begin: 0x42,
    end: 0x43,
}
DEBUG: Removing sensitive I/O port range: RawIoPortRange {
    begin: 0x43,
    end: 0x44,
}
DEBUG: Removing sensitive I/O port range: RawIoPortRange {
    begin: 0x20,
    end: 0x21,
}
DEBUG: Removing sensitive I/O port range: RawIoPortRange {
    begin: 0x21,
    end: 0x22,
}
DEBUG: Removing sensitive I/O port range: RawIoPortRange {
    begin: 0xa0,
    end: 0xa1,
}
DEBUG: Removing sensitive I/O port range: RawIoPortRange {
    begin: 0xa1,
    end: 0xa2,
}
DEBUG: Removing sensitive I/O port range: RawIoPortRange {
    begin: 0x70,
    end: 0x71,
}
DEBUG: Removing sensitive I/O port range: RawIoPortRange {
    begin: 0x71,
    end: 0x72,
}
DEBUG: Removing sensitive I/O port range: RawIoPortRange {
    begin: 0x3f8,
    end: 0x400,
}
DEBUG: component infos: [ComponentRegistry { stage: Bootstrap, path: "/home/raca/code/racaos/libs/logger/src/lib.rs" }, ComponentRegistry { stage: Bootstrap, path: "/home/raca/code/racaos/libs/memory/src/lib.rs" }, ComponentRegistry { stage: Bootstrap, path: "/home/raca/code/racaos/libs/block/src/lib.rs" }, ComponentRegistry { stage: Bootstrap, path: "/home/raca/code/racaos/libs/filesystem/src/lib.rs" }, ComponentRegistry { stage: Bootstrap, path: "/home/raca/code/racaos/libs/task/src/lib.rs" }, ComponentRegistry { stage: Bootstrap, path: "/home/raca/code/racaos/libs/pci/src/lib.rs" }, ComponentRegistry { stage: Bootstrap, path: "/home/raca/code/racaos/libs/driver/src/lib.rs" }]
INFO: Components initializing in Bootstrap stage...
INFO: Component initializing:ComponentRegistry { stage: Bootstrap, path: "/home/raca/code/racaos/libs/logger/src/lib.rs" }
[     0.004] INFO : Component initialize complete
[     0.005] INFO : Component initializing:ComponentRegistry { stage: Bootstrap, path: "/home/raca/code/racaos/libs/memory/src/lib.rs" }
[     0.006] INFO : Component initialize complete
[     0.007] INFO : Component initializing:ComponentRegistry { stage: Bootstrap, path: "/home/raca/code/racaos/libs/block/src/lib.rs" }
[     0.008] INFO : Component initialize complete
[     0.009] INFO : Component initializing:ComponentRegistry { stage: Bootstrap, path: "/home/raca/code/racaos/libs/filesystem/src/lib.rs" }
[     0.010] INFO : Component initialize complete
[     0.011] INFO : Component initializing:ComponentRegistry { stage: Bootstrap, path: "/home/raca/code/racaos/libs/task/src/lib.rs" }
[     0.012] INFO : Component initialize complete
[     0.013] INFO : Component initializing:ComponentRegistry { stage: Bootstrap, path: "/home/raca/code/racaos/libs/pci/src/lib.rs" }
[     0.026] INFO : 0:0.0: HostBridge [8086:29c0] (rev: 00)
[     0.027] INFO : 0:1.0: VgaCompatibleController [1234:1111] (rev: 02)
[     0.028] INFO : 0:2.0: EthernetController [8086:100e] (rev: 03)
[     0.029] INFO : 0:3.0: SataController [8086:2922] (rev: 02)
[     0.030] INFO : 0:31.0: IsaBridge [8086:2918] (rev: 02)
[     0.031] INFO : 0:31.2: SataController [8086:2922] (rev: 02)
[     0.032] INFO : 0:31.3: SmBusController [8086:2930] (rev: 02)
[     0.033] INFO : Component initialize complete
[     0.034] INFO : Component initializing:ComponentRegistry { stage: Bootstrap, path: "/home/raca/code/racaos/libs/driver/src/lib.rs" }
[     0.035] INFO : Component initialize complete
[     0.036] INFO : All components initialization in Bootstrap stage completed
[     0.037] INFO : Zodiac Initialize done, entering kernel.
[     0.038] INFO : total time: 0.038s
Running on CPU #1!
[     0.039] INFO : Running on CPU #0!
Running on CPU #2!
[     0.040] DEBUG: component infos: [ComponentRegistry { stage: Kthread, path: "/home/raca/code/racaos/modules/fat/src/lib.rs" }, ComponentRegistry { stage: Kthread, path: "/home/raca/code/racaos/modules/network/src/lib.rs" }, ComponentRegistry { stage: Kthread, path: "/home/raca/code/racaos/modules/nvme/src/lib.rs" }, ComponentRegistry { stage: Kthread, path: "/home/raca/code/racaos/modules/ramdisk/src/lib.rs" }, ComponentRegistry { stage: Kthread, path: "/home/raca/code/racaos/modules/terminal/src/lib.rs" }]
Running on CPU #3!
[     0.041] INFO : Components initializing in Kthread stage...
[     0.042] INFO : Component initializing:ComponentRegistry { stage: Kthread, path: "/home/raca/code/racaos/modules/fat/src/lib.rs" }
[     0.043] INFO : Component initialize complete
[     0.044] INFO : Component initializing:ComponentRegistry { stage: Kthread, path: "/home/raca/code/racaos/modules/network/src/lib.rs" }
[     0.049] INFO : e1000 config space: 81040000 20000
[     1.684] DEBUG: status before setup: E1000Status(
    FD | LU | SPEED_1000M | ASDV_100M | ASDV_1000M,
)
[     1.836] DEBUG: status after setup: E1000Status(
    FD | LU | SPEED_1000M | ASDV_100M | ASDV_1000M,
)
[     1.837] INFO : mac: 54-51-9f-71-c0-00
[     1.838] INFO : DHCP lost config!
[     2.168] INFO : Network initialized.
[     2.169] INFO : Component initialize complete
[     2.170] INFO : Component initializing:ComponentRegistry { stage: Kthread, path: "/home/raca/code/racaos/modules/nvme/src/lib.rs" }
[     2.171] INFO : Component initialize complete
[     2.172] INFO : Component initializing:ComponentRegistry { stage: Kthread, path: "/home/raca/code/racaos/modules/ramdisk/src/lib.rs" }
[     2.190] INFO : Component initialize complete
[     2.191] INFO : Component initializing:ComponentRegistry { stage: Kthread, path: "/home/raca/code/racaos/modules/terminal/src/lib.rs" }
[     2.192] INFO : Component initialize complete
[     2.193] INFO : All components initialization in Kthread stage completed
[     2.194] DEBUG: component infos: []
[     2.195] INFO : Components initializing in Process stage...
[     2.196] INFO : All components initialization in Process stage completed
[     2.205] INFO : 1280x800x32
[     2.206] INFO : Display MMIO address: 80000000..803e8000
[     2.278] TRACE: Mapped file at 0.
[     2.281] TRACE: Mapped segment at 0 size 5c10
[     2.284] TRACE: Mapped segment at 6000 size 54503
[     2.287] TRACE: Mapped segment at 5b000 size d2a8
[     2.295] TRACE: Mapped segment at 692a8 size c0b8
[     2.298] TRACE: Mapped segment at 6f6f0 size 50
[     2.300] TRACE: Mapped file at 100000000 for dynamic linker.
[     2.312] TRACE: both program and dynamic linker are loaded into memory!
[     2.317] INFO : return from execute, reason: UserException
[     2.318] INFO : mapping
[     2.319] INFO : handled page fault at b9d2
[     2.321] INFO : return from execute, reason: UserException
[     2.324] INFO : mapping
[     2.325] INFO : handled page fault at 10088bf48
[     2.329] INFO : return from execute, reason: UserException
[     2.330] INFO : mapping
[     2.331] INFO : handled page fault at 725d0
[     2.333] INFO : return from execute, reason: UserException
[     2.335] INFO : mapping
[     2.336] INFO : handled page fault at 290
[     2.346] INFO : return from execute, reason: UserException
[     2.348] INFO : mapping
[     2.350] INFO : handled page fault at 6f710
[     2.352] INFO : return from execute, reason: UserException
[     2.353] INFO : mapping
[     2.354] INFO : handled page fault at 70000
[     2.356] INFO : return from execute, reason: UserException
[     2.365] INFO : mapping
[     2.366] INFO : handled page fault at 1000
[     2.370] INFO : return from execute, reason: UserException
[     2.372] INFO : mapping
[     2.374] INFO : handled page fault at 2000
[     2.384] INFO : return from execute, reason: UserException
[     2.386] INFO : mapping
[     2.387] INFO : handled page fault at 71008
[     2.390] INFO : return from execute, reason: UserException
[     2.400] INFO : mapping
[     2.401] INFO : handled page fault at 3008
[     2.404] INFO : return from execute, reason: UserException
[     2.405] INFO : mapping
[     2.406] INFO : handled page fault at 4000
[     2.407] INFO : return from execute, reason: UserException
[     2.411] INFO : mapping
[     2.412] INFO : handled page fault at 5000
[     2.421] INFO : return from execute, reason: UserException
[     2.423] INFO : mapping
[     2.424] INFO : handled page fault at 73000
[     2.427] INFO : return from execute, reason: UserException
[     2.428] INFO : mapping
[     2.429] INFO : handled page fault at 4effe
[     2.430] INFO : return from execute, reason: UserException
[     2.433] INFO : mapping
[     2.434] INFO : handled page fault at 4f000
[     2.437] INFO : return from execute, reason: UserException
[     2.440] INFO : mapping
[     2.441] INFO : handled page fault at 74460
[     2.451] INFO : return from execute, reason: UserException
[     2.452] INFO : mapping
[     2.453] INFO : handled page fault at 752e8
[     2.454] INFO : return from execute, reason: UserException
[     2.463] INFO : mapping
[     2.464] INFO : handled page fault at 54287
[     2.467] INFO : return from execute, reason: UserException
[     2.468] INFO : mapping
[     2.469] INFO : handled page fault at 55539
[     2.470] INFO : return from execute, reason: UserSyscall
[     2.473] INFO : [1]syscall158(1002, 75178, 0, 0, 20000, 0) = 0
[     2.476] INFO : return from execute, reason: UserSyscall
[     2.485] INFO : [1]syscall218(75358, 75178, 0, 0, 0, 0) = 0
[     2.489] INFO : return from execute, reason: UserException
[     2.490] INFO : mapping
[     2.491] INFO : handled page fault at 6000
[     2.492] INFO : return from execute, reason: UserException
[     2.495] INFO : mapping
[     2.496] INFO : handled page fault at c4f0
[     2.499] INFO : return from execute, reason: UserException
[     2.502] INFO : mapping
[     2.503] INFO : handled page fault at 18bb0
[     2.506] INFO : return from execute, reason: UserException
[     2.507] INFO : mapping
[     2.508] INFO : handled page fault at 5d650
[     2.509] INFO : return from execute, reason: UserException
[     2.519] INFO : mapping
[     2.520] INFO : handled page fault at 51189
[     2.524] INFO : return from execute, reason: UserException
[     2.525] INFO : mapping
[     2.526] INFO : handled page fault at 53a7e
[     2.527] INFO : return from execute, reason: UserSyscall
[     2.530] WARN : Unimplemented syscall7
[     2.532] INFO : [1]syscall7(10088be10, 3, 0, 0, 0, 0) = 0
[     2.543] INFO : return from execute, reason: UserSyscall
[     2.544] WARN : Unimplemented syscall13
[     2.545] INFO : [1]syscall13(d, 10088bc40, 10088bc60, 8, d, 0) = 0
[     2.546] INFO : return from execute, reason: UserException
[     2.549] INFO : mapping
[     2.550] INFO : handled page fault at 63e7c
[     2.553] INFO : return from execute, reason: UserSyscall
[     2.556] WARN : Unimplemented syscall13
[     2.557] INFO : [1]syscall13(b, 0, 10088bda0, 8, 0, 0) = 0
[     2.561] INFO : return from execute, reason: UserException
[     2.562] INFO : mapping
[     2.563] INFO : handled page fault at 1b350
[     2.564] INFO : return from execute, reason: UserSyscall
[     2.567] WARN : Unimplemented syscall131
[     2.569] INFO : [1]syscall131(0, 10088bd30, 0, 8, 0, 0) = 0
[     2.573] INFO : return from execute, reason: UserSyscall
[     2.574] WARN : Unimplemented syscall14
[     2.575] INFO : [1]syscall14(1, 10088bda0, 0, 8, 0, 0) = 0
[     2.576] INFO : return from execute, reason: UserSyscall
[     2.586] WARN : Unimplemented syscall13
[     2.589] INFO : [1]syscall13(b, 10088bd80, 0, 8, 0, 0) = 0
[     2.599] INFO : return from execute, reason: UserSyscall
[     2.600] WARN : Unimplemented syscall13
[     2.601] INFO : [1]syscall13(7, 0, 10088bda0, 8, 0, 0) = 0
[     2.603] INFO : return from execute, reason: UserException
[     2.606] INFO : mapping
[     2.609] INFO : handled page fault at 56230
[     2.613] INFO : return from execute, reason: UserSyscall
[     2.624] INFO : [1]syscall80(10088b9c8, 10088b9c8, 7, 8, 0, 0) = 0
[     2.628] INFO : return from execute, reason: UserException
[     2.638] INFO : mapping
[     2.639] INFO : handled page fault at 171f0
[     2.642] INFO : return from execute, reason: UserException
[     2.645] INFO : mapping
[     2.653] INFO : handled page fault at 5c772
[     2.656] INFO : return from execute, reason: UserException
[     2.659] INFO : mapping
[     2.661] INFO : handled page fault at 19ac0
[     2.664] INFO : return from execute, reason: UserSyscall
[     2.671] INFO : [1]syscall2(10088b7a8, 88000, 0, 0, 0, 0) = 3
[     2.672] INFO : return from execute, reason: UserSyscall
[     2.682] INFO : [1]syscall72(3, 2, 1, 0, 0, 0) = 0
[     2.685] INFO : return from execute, reason: UserException
[     2.688] INFO : mapping
[     2.689] INFO : handled page fault at 1e3a0
[     2.699] INFO : return from execute, reason: UserException
[     2.700] INFO : mapping
[     2.701] INFO : handled page fault at 27cd0
[     2.702] INFO : return from execute, reason: UserSyscall
[     2.712] INFO : [1]syscall5(3, 10088b7e0, 10088b890, 0, 3, 5c256) = 0
[     2.715] INFO : return from execute, reason: UserSyscall
[     2.717] INFO : [1]syscall8(3, 0, 1, 0, 3, 5c256) = 0
[     2.727] INFO : return from execute, reason: UserException
[     2.728] INFO : mapping
[     2.729] INFO : handled page fault at ae20
[     2.730] INFO : return from execute, reason: UserException
[     2.740] INFO : mapping
[     2.741] INFO : handled page fault at 50654
[     2.744] INFO : return from execute, reason: UserException
[     2.747] INFO : mapping
[     2.748] INFO : handled page fault at 640a2
[     2.751] INFO : return from execute, reason: UserSyscall
[     2.754] WARN : Unimplemented syscall12
[     2.755] INFO : [1]syscall12(0, e, 10088bfd0, 0, 1, 1) = 0
[     2.759] INFO : return from execute, reason: UserSyscall
[     2.760] WARN : Unimplemented syscall12
[     2.761] INFO : [1]syscall12(2000, e, 1, 0, 1, 1) = 0
[     2.762] INFO : return from execute, reason: UserSyscall
[     2.764] TRACE: mmap: address: 10088c000 len: 2000 prot: (empty) flags: MMapFlags(PRIVATE | ANONYMOUS)
[     2.775] DEBUG: Map OK
[     2.777] INFO : [1]syscall9(0, 2000, 0, 22, ffffffffffffffff, 0) = 4303929344
[     2.781] INFO : return from execute, reason: UserSyscall
[     2.784] TRACE: mprotect address: 10088d000 prot: R | W | RW
[     2.793] INFO : [1]syscall10(10088d000, 1000, 3, 22, ffffffffffffffff, 0) = 0
[     2.797] INFO : return from execute, reason: UserException
[     2.807] INFO : mapping
[     2.809] INFO : handled page fault at 10088d010
[     2.812] INFO : return from execute, reason: UserSyscall
[     2.813] TRACE: mmap: address: 10088e000 len: 1000 prot: R | W | RW flags: MMapFlags(PRIVATE | ANONYMOUS)
[     2.814] DEBUG: Map OK
[     2.815] INFO : [1]syscall9(0, 1000, 3, 22, ffffffffffffffff, 0) = 4303937536
[     2.817] INFO : return from execute, reason: UserException
[     2.820] INFO : mapping
[     2.821] INFO : handled page fault at 10088e008
[     2.824] INFO : return from execute, reason: UserSyscall
[     2.825] INFO : [1]syscall0(3, 10088e040, e, 0, 0, 0) = 14
[     2.826] INFO : return from execute, reason: UserSyscall
[     2.829] INFO : [1]syscall0(3, 10088b790, 20, 0, 0, 0) = 0
[     2.838] INFO : return from execute, reason: UserException
[     2.841] INFO : mapping
[     2.842] INFO : handled page fault at 591d0
[     2.845] INFO : return from execute, reason: UserException
[     2.854] INFO : mapping
[     2.856] INFO : handled page fault at 1d280
[     2.859] INFO : return from execute, reason: UserSyscall
[     2.862] TRACE: mmap: address: 10088f000 len: 1000 prot: R | W | RW flags: MMapFlags(PRIVATE | ANONYMOUS)
[     2.874] DEBUG: Map OK
[     2.875] INFO : [1]syscall9(0, 1000, 3, 22, ffffffffffffffff, 0) = 4303941632
[     2.879] INFO : return from execute, reason: UserException
[     2.889] INFO : mapping
[     2.890] INFO : handled page fault at 10088f008
[     2.893] INFO : return from execute, reason: UserException
[     2.894] INFO : mapping
[     2.895] INFO : handled page fault at 333d0
[     2.896] INFO : return from execute, reason: UserException
[     2.899] INFO : mapping
[     2.900] INFO : handled page fault at 34680
[     2.903] INFO : return from execute, reason: UserSyscall
[     2.906] INFO : [1]syscall1(1, 10088f030, 18, 0, 0, 0) = 24
[     2.910] INFO : return from execute, reason: UserSyscall
[     2.913] INFO : [1]syscall11(10088e000, 1000, 0, 1, 2, 10088e000) = 0
[     2.918] INFO : return from execute, reason: UserSyscall
[     2.927] WARN : Unimplemented syscall14
[     2.929] INFO : [1]syscall14(0, 64108, 10088b8c0, 8, 2, 10088e000) = 0
[     2.933] INFO : return from execute, reason: UserSyscall
[     2.934] WARN : Unimplemented syscall14
[     2.935] INFO : [1]syscall14(0, 64110, 10088b810, 8, 2, 10088e000) = 0
[     2.936] INFO : return from execute, reason: UserSyscall
[     2.946] DEBUG: OK 69000 d000
[     2.948] DEBUG: OK
[     2.949] DEBUG: OK 100000000 8c000
[     2.951] DEBUG: OK
[     2.952] DEBUG: OK 10008c000 800000
[     2.960] DEBUG: OK
[     2.962] DEBUG: OK 10088c000 2000
[     2.964] DEBUG: OK
[     2.965] DEBUG: OK 10088f000 1000
[     2.967] DEBUG: OK
[     2.969] INFO : return from execute, reason: UserException
[     2.969] INFO : [1]syscall57(752b0, 64110, 10088b810, 8, 2, 10088e000) = 2
[     2.979] INFO : mapping
[     2.982] INFO : return from execute, reason: UserException
[     2.983] INFO : handled page fault at 54fed
[     2.985] INFO : CoW
[     2.988] INFO : return from execute, reason: UserException
[     2.988] INFO : handled page fault at 10088b808
[     2.989] INFO : mapping
[     2.989] INFO : return from execute, reason: UserSyscall
[     2.990] INFO : handled page fault at 55000
[     2.990] WARN : Unimplemented syscall14
[     2.992] INFO : return from execute, reason: UserException
[     2.992] INFO : [1]syscall14(2, 10088b810, 0, 8, 2, 10088e000) = 0
[     3.002] INFO : mapping
[     3.005] INFO : return from execute, reason: UserSyscall
[     3.005] INFO : handled page fault at 75178
[     3.008] WARN : Unimplemented syscall14
[     3.010] INFO : return from execute, reason: UserSyscall
[     3.010] INFO : [1]syscall14(2, 10088b8c0, 0, 8, 2, 10088e000) = 0
[     3.011] INFO : [2]syscall186(752b0, 64110, 75178, 8, 2, 10088e000) = 1
[     3.011] INFO : return from execute, reason: UserException
[     3.012] INFO : return from execute, reason: UserException
[     3.014] INFO : CoW
[     3.016] INFO : CoW
[     3.017] INFO : handled page fault at 10088f030
[     3.018] INFO : handled page fault at 75210
[     3.021] INFO : return from execute, reason: UserException
[     3.021] INFO : return from execute, reason: UserException
[     3.022] INFO : mapping
[     3.022] INFO : CoW
[     3.023] INFO : handled page fault at 651fa
[     3.023] INFO : handled page fault at 10088b808
[     3.025] INFO : return from execute, reason: UserException
[     3.026] INFO : return from execute, reason: UserException
[     3.028] INFO : mapping
[     3.031] INFO : mapping
[     3.032] INFO : handled page fault at 57630
[     3.033] INFO : handled page fault at 53a2a
[     3.036] INFO : return from execute, reason: UserSyscall
[     3.036] INFO : return from execute, reason: UserException
[     3.037] INFO : [1]syscall1(1, 10088f030, 14, 0, 0, 0) = 20
[     3.037] INFO : mapping
[     3.039] INFO : handled page fault at 511e9
[     3.039] INFO : return from execute, reason: UserSyscall
[     3.048] INFO : return from execute, reason: UserSyscall
[     3.048] INFO : [1]syscall3(3, 0, 0, 0, 0, 0) = 0
[     3.049] WARN : Unimplemented syscall14
[     3.049] INFO : return from execute, reason: UserException
[     3.050] INFO : [2]syscall14(2, 10088b810, 0, 8, 2, 10088e000) = 0
[     3.050] INFO : mapping
[     3.051] INFO : return from execute, reason: UserException
[     3.052] INFO : handled page fault at 20680
[     3.055] INFO : mapping
[     3.058] INFO : return from execute, reason: UserException
[     3.058] INFO : handled page fault at 4f380
[     3.061] INFO : CoW
[     3.063] INFO : return from execute, reason: UserSyscall
[     3.063] INFO : handled page fault at 10088d0c0
[     3.066] WARN : Unimplemented syscall14
[     3.069] INFO : return from execute, reason: UserSyscall
[     3.069] INFO : [2]syscall14(2, 10088b8c0, 0, 8, 2, 10088e000) = 0
[     3.070] INFO : [1]syscall11(10088f000, 1000, 0, 2, 6, 10088f000) = 0
[     3.070] INFO : return from execute, reason: UserException
[     3.071] INFO : return from execute, reason: UserException
[     3.073] INFO : mapping
[     3.075] INFO : mapping
[     3.077] INFO : handled page fault at c128
[     3.078] INFO : handled page fault at 1ae00
[     3.081] INFO : return from execute, reason: UserException
[     3.081] INFO : return from execute, reason: UserException
[     3.082] INFO : mapping
[     3.082] INFO : mapping
[     3.083] INFO : handled page fault at 187a0
[     3.083] INFO : handled page fault at 5a500
[     3.084] INFO : return from execute, reason: UserException
[     3.087] INFO : return from execute, reason: UserSyscall
[     3.087] INFO : mapping
[     3.088] INFO : Process 1 exited with code 0
[     3.088] INFO : handled page fault at 333d0
[     3.089] INFO : [1]syscall231(0, 0, 0, 2, 6, 10088f000) = 0
[     3.089] INFO : return from execute, reason: UserException
[     3.089] ERROR: Init process exited.
[     3.092] INFO : mapping
[     3.095] INFO : handled page fault at 56dd0
[     3.097] INFO : return from execute, reason: UserException
[     3.100] INFO : mapping
[     3.101] INFO : handled page fault at 34680
[     3.104] INFO : return from execute, reason: UserException
[     3.105] INFO : mapping
[     3.106] INFO : handled page fault at b220
[     3.107] INFO : return from execute, reason: UserException
[     3.110] INFO : mapping
[     3.111] INFO : handled page fault at 1c280
[     3.113] INFO : return from execute, reason: UserException
[     3.116] INFO : mapping
[     3.118] INFO : handled page fault at 1de90
[     3.120] INFO : return from execute, reason: UserException
[     3.123] INFO : mapping
[     3.124] INFO : handled page fault at 1e000
[     3.127] INFO : return from execute, reason: UserException
[     3.130] INFO : mapping
[     3.131] INFO : handled page fault at 5d748
[     3.133] INFO : return from execute, reason: UserException
[     3.134] INFO : mapping
[     3.135] INFO : handled page fault at 5a020
[     3.136] INFO : return from execute, reason: UserException
[     3.139] INFO : mapping
[     3.140] INFO : handled page fault at 57e00
[     3.142] INFO : return from execute, reason: UserException
[     3.145] INFO : mapping
[     3.147] INFO : handled page fault at 58174
[     3.149] INFO : return from execute, reason: UserException
[     3.152] INFO : mapping
[     3.153] INFO : handled page fault at 28960
[     3.156] INFO : return from execute, reason: UserException
[     3.159] INFO : mapping
[     3.160] INFO : handled page fault at aee0
[     3.162] INFO : return from execute, reason: UserException
[     3.165] INFO : mapping
[     3.167] INFO : handled page fault at 50654
[     3.169] INFO : return from execute, reason: UserException
[     3.170] INFO : mapping
[     3.171] INFO : handled page fault at 640a2
[     3.172] INFO : return from execute, reason: UserException
[     3.176] INFO : mapping
[     3.177] INFO : handled page fault at 10088d098
[     3.180] INFO : return from execute, reason: UserException
[     3.181] INFO : CoW
[     3.182] INFO : handled page fault at 10088d020
[     3.183] INFO : return from execute, reason: UserSyscall
[     3.186] TRACE: mmap: address: 100890000 len: 1000 prot: R | W | RW flags: MMapFlags(PRIVATE | ANONYMOUS)
[     3.190] DEBUG: Map OK
[     3.191] INFO : [2]syscall9(0, 1000, 3, 22, ffffffffffffffff, 0) = 4303945728
[     3.194] INFO : return from execute, reason: UserException
[     3.198] INFO : mapping
[     3.199] INFO : handled page fault at 100890008
[     3.203] INFO : return from execute, reason: UserException
[     3.204] INFO : mapping
[     3.205] INFO : handled page fault at 65ca2
[     3.206] INFO : return from execute, reason: UserException
[     3.209] INFO : mapping
[     3.211] INFO : handled page fault at 19560
[     3.213] INFO : return from execute, reason: UserException
[     3.217] INFO : mapping
[     3.218] INFO : handled page fault at 603fe
[     3.220] INFO : return from execute, reason: UserException
[     3.223] INFO : mapping
[     3.225] INFO : handled page fault at 3
[     3.228] INFO : return from execute, reason: UserException
[     3.229] INFO : mapping
[     3.230] INFO : handled page fault at 100000040
[     3.231] INFO : return from execute, reason: UserException
[     3.234] INFO : mapping
[     3.235] INFO : handled page fault at 1000
[     3.238] INFO : return from execute, reason: UserException
[     3.239] INFO : mapping
[     3.240] INFO : handled page fault at d200
[     3.241] INFO : return from execute, reason: UserException
[     3.244] INFO : mapping
[     3.245] INFO : handled page fault at 6c30
[     3.247] INFO : return from execute, reason: UserSyscall
[     3.250] INFO : [2]syscall186(5f9e0, 4, 4, 0, d, 0) = 1
[     3.252] INFO : return from execute, reason: UserException
[     3.256] INFO : mapping
[     3.257] INFO : handled page fault at 17a60
[     3.259] INFO : return from execute, reason: UserException
[     3.262] INFO : mapping
[     3.263] INFO : handled page fault at 5f9e0
[     3.266] INFO : return from execute, reason: UserException
[     3.269] INFO : mapping
[     3.270] INFO : handled page fault at 10088aff8
[     3.273] INFO : return from execute, reason: UserException
[     3.274] INFO : mapping
[     3.275] INFO : handled page fault at 5b2d3
[     3.276] INFO : return from execute, reason: UserSyscall
[     3.279] INFO : [2]syscall1(2, 10088b198, 5c, 0, 0, 0) = 92
[     3.292] INFO : return from execute, reason: UserSyscall
[     3.295] INFO : [2]syscall1(2, 60443, 4e, 0, 0, 0) = 78
[     3.299] INFO : return from execute, reason: UserException
[     3.301] INFO : mapping
[     3.303] INFO : handled page fault at 20500
[     3.305] INFO : return from execute, reason: UserException
[     3.315] INFO : mapping
[     3.317] INFO : handled page fault at 1fd40
[     3.320] INFO : return from execute, reason: UserException
[     3.321] INFO : mapping
[     3.322] INFO : handled page fault at 381d0
[     3.323] INFO : return from execute, reason: UserException
[     3.326] INFO : mapping
[     3.333] INFO : handled page fault at 42c80
[     3.337] INFO : return from execute, reason: UserException
[     3.338] INFO : mapping
[     3.339] INFO : handled page fault at 44750
[     3.340] INFO : return from execute, reason: UserException
[     3.350] INFO : mapping
[     3.351] INFO : handled page fault at 433bb
[     3.353] INFO : return from execute, reason: UserException
[     3.356] INFO : mapping
[     3.358] INFO : handled page fault at 4c690
[     3.360] INFO : return from execute, reason: UserException
[     3.363] INFO : mapping
[     3.365] INFO : handled page fault at 45068
[     3.367] INFO : return from execute, reason: UserException
[     3.370] INFO : mapping
[     3.371] INFO : handled page fault at 468d0
[     3.374] INFO : return from execute, reason: UserException
[     3.377] INFO : mapping
[     3.379] INFO : handled page fault at 4e9a0
[     3.381] INFO : return from execute, reason: UserSyscall
[     3.382] INFO : [2]syscall1(2, 5f3e4, 35, 0, 0, 0) = 53
[     3.383] INFO : return from execute, reason: UserSyscall
[     3.386] INFO : [2]syscall1(2, 10088b42f, 1, 0, 0, 0) = 1
[     3.389] INFO : return from execute, reason: UserSyscall
[     3.399] INFO : [2]syscall1(2, 5f419, b, 0, 0, 0) = 11
[     3.402] INFO : return from execute, reason: UserSyscall
[     3.403] WARN : Unimplemented syscall14
[     3.404] INFO : [2]syscall14(0, 64108, 10088b420, 8, 0, 0) = 0
[     3.405] INFO : return from execute, reason: UserSyscall
[     3.408] WARN : Unimplemented syscall200
[     3.410] INFO : [2]syscall200(1, 6, 10088b420, 8, 0, 0) = 0
[     3.413] INFO : return from execute, reason: UserSyscall
[     3.414] WARN : Unimplemented syscall14
[     3.415] INFO : [2]syscall14(2, 10088b420, 0, 8, 0, 0) = 0
[     3.416] INFO : return from execute, reason: UserSyscall
[     3.419] WARN : Unimplemented syscall14
[     3.420] INFO : [2]syscall14(0, 64110, 0, 8, 0, 0) = 0
[     3.423] INFO : return from execute, reason: UserSyscall
[     3.426] WARN : Unimplemented syscall13
[     3.428] INFO : [2]syscall13(6, 10088b4d0, 0, 8, 6, 0) = 0
[     3.431] INFO : return from execute, reason: UserSyscall
[     3.434] WARN : Unimplemented syscall200
[     3.436] INFO : [2]syscall200(1, 6, 0, 8, 6, 0) = 0
[     3.438] INFO : return from execute, reason: UserSyscall
[     3.441] WARN : Unimplemented syscall14
[     3.443] INFO : [2]syscall14(1, 10088b4c8, 0, 8, 6, 0) = 0
[     3.446] INFO : return from execute, reason: UserException
[     3.449] ERROR: Unhandled exception: GeneralProtectionFault(None)
[     3.452] ERROR: Context: UserContext {
    user_context: RawUserContext {
        general: GeneralRegs {
            rax: 0x0,
            rbx: 0x1,
            rcx: 0x4f12f,
            rdx: 0x0,
            rsi: 0x10088b4c8,
            rdi: 0x1,
            rbp: 0x10088b500,
            rsp: 0x10088b4c0,
            r8: 0x6,
            r9: 0x0,
            r10: 0x8,
            r11: 0x200246,
            r12: 0x70dc8,
            r13: 0x73c00,
            r14: 0x0,
            r15: 0x10088b648,
            rip: 0x4f12f,
            rflags: 0x210246,
            fsbase: 0x75178,
            gsbase: 0x0,
        },
        trap_num: 0xd,
        error_code: 0x0,
    },
    exception: None,
}
[     3.480] ERROR: Process: 2
[     3.481] INFO : Process 2 exited with code -1
